python : Using CPU. Note: This module is much faster with a GPU.
At line:1 char:33
+ ... ll\New folder" ; python test_system.py > test_output.txt 2>&1 ; echo  ...
+                      ~~~~~~~~~~~~~~~~~~~~~~~~~~~~~~~~~~~~~~~~~~~~
    + CategoryInfo          : NotSpecified: (Using CPU. Note...ter with a GPU.:String) [], RemoteException
    + FullyQualifiedErrorId : NativeCommandError
 
Downloading detection model, please wait. This may take several minutes depending upon your network connection.
Traceback (most recent call last):
  File "C:\Program 
Files\WindowsApps\PythonSoftwareFoundation.Python.3.13_3.13.2544.0_x64__qbz5n2kfra8p0\Lib\urllib\request.py", line 1319, 
in do_open
    h.request(req.get_method(), req.selector, req.data, headers,
    ~~~~~~~~~^^^^^^^^^^^^^^^^^^^^^^^^^^^^^^^^^^^^^^^^^^^^^^^^^^^
              encode_chunked=req.has_header('Transfer-encoding'))
              ^^^^^^^^^^^^^^^^^^^^^^^^^^^^^^^^^^^^^^^^^^^^^^^^^^^
  File "C:\Program 
Files\WindowsApps\PythonSoftwareFoundation.Python.3.13_3.13.2544.0_x64__qbz5n2kfra8p0\Lib\http\client.py", line 1338, in 
request
    self._send_request(method, url, body, headers, encode_chunked)
    ~~~~~~~~~~~~~~~~~~^^^^^^^^^^^^^^^^^^^^^^^^^^^^^^^^^^^^^^^^^^^^
  File "C:\Program 
Files\WindowsApps\PythonSoftwareFoundation.Python.3.13_3.13.2544.0_x64__qbz5n2kfra8p0\Lib\http\client.py", line 1384, in 
_send_request
    self.endheaders(body, encode_chunked=encode_chunked)
    ~~~~~~~~~~~~~~~^^^^^^^^^^^^^^^^^^^^^^^^^^^^^^^^^^^^^
  File "C:\Program 
Files\WindowsApps\PythonSoftwareFoundation.Python.3.13_3.13.2544.0_x64__qbz5n2kfra8p0\Lib\http\client.py", line 1333, in 
endheaders
    self._send_output(message_body, encode_chunked=encode_chunked)
    ~~~~~~~~~~~~~~~~~^^^^^^^^^^^^^^^^^^^^^^^^^^^^^^^^^^^^^^^^^^^^^
  File "C:\Program 
Files\WindowsApps\PythonSoftwareFoundation.Python.3.13_3.13.2544.0_x64__qbz5n2kfra8p0\Lib\http\client.py", line 1093, in 
_send_output
    self.send(msg)
    ~~~~~~~~~^^^^^
  File "C:\Program 
Files\WindowsApps\PythonSoftwareFoundation.Python.3.13_3.13.2544.0_x64__qbz5n2kfra8p0\Lib\http\client.py", line 1037, in 
send
    self.connect()
    ~~~~~~~~~~~~^^
  File "C:\Program 
Files\WindowsApps\PythonSoftwareFoundation.Python.3.13_3.13.2544.0_x64__qbz5n2kfra8p0\Lib\http\client.py", line 1479, in 
connect
    self.sock = self._context.wrap_socket(self.sock,
                ~~~~~~~~~~~~~~~~~~~~~~~~~^^^^^^^^^^^
                                          server_hostname=server_hostname)
                                          ^^^^^^^^^^^^^^^^^^^^^^^^^^^^^^^^
  File "C:\Program Files\WindowsApps\PythonSoftwareFoundation.Python.3.13_3.13.2544.0_x64__qbz5n2kfra8p0\Lib\ssl.py", 
line 455, in wrap_socket
    return self.sslsocket_class._create(
           ~~~~~~~~~~~~~~~~~~~~~~~~~~~~^
        sock=sock,
        ^^^^^^^^^^
    ...<5 lines>...
        session=session
        ^^^^^^^^^^^^^^^
    )
    ^
  File "C:\Program Files\WindowsApps\PythonSoftwareFoundation.Python.3.13_3.13.2544.0_x64__qbz5n2kfra8p0\Lib\ssl.py", 
line 1076, in _create
    self.do_handshake()
    ~~~~~~~~~~~~~~~~~^^
  File "C:\Program Files\WindowsApps\PythonSoftwareFoundation.Python.3.13_3.13.2544.0_x64__qbz5n2kfra8p0\Lib\ssl.py", 
line 1372, in do_handshake
    self._sslobj.do_handshake()
    ~~~~~~~~~~~~~~~~~~~~~~~~~^^
ssl.SSLCertVerificationError: [SSL: CERTIFICATE_VERIFY_FAILED] certificate verify failed: unable to get local issuer 
certificate (_ssl.c:1032)

During handling of the above exception, another exception occurred:

Traceback (most recent call last):
  File "C:\Users\Dell\New folder\test_system.py", line 68, in <module>
    digitizer = PrescriptionDigitizer()
  File "C:\Users\Dell\New folder\prescription_digitizer.py", line 38, in __init__
    self.ocr_engine = OCREngine(
                      ~~~~~~~~~^
        primary_backend=self.config.get('ocr', {}).get('backend', 'easyocr'),
        ^^^^^^^^^^^^^^^^^^^^^^^^^^^^^^^^^^^^^^^^^^^^^^^^^^^^^^^^^^^^^^^^^^^^^
        languages=self.config.get('ocr', {}).get('languages', ['en']),
        ^^^^^^^^^^^^^^^^^^^^^^^^^^^^^^^^^^^^^^^^^^^^^^^^^^^^^^^^^^^^^^
        use_gpu=self.config.get('ocr', {}).get('use_gpu', False)
        ^^^^^^^^^^^^^^^^^^^^^^^^^^^^^^^^^^^^^^^^^^^^^^^^^^^^^^^^
    )
    ^
  File "C:\Users\Dell\New folder\src\ocr\ocr_engine.py", line 46, in __init__
    self._initialize_backend()
    ~~~~~~~~~~~~~~~~~~~~~~~~^^
  File "C:\Users\Dell\New folder\src\ocr\ocr_engine.py", line 51, in _initialize_backend
    self.ocr_reader = easyocr.Reader(self.languages, gpu=self.use_gpu)
                      ~~~~~~~~~~~~~~^^^^^^^^^^^^^^^^^^^^^^^^^^^^^^^^^^
  File "C:\Users\Dell\AppData\Local\Packages\PythonSoftwareFoundation.Python.3.13_qbz5n2kfra8p0\LocalCache\local-packages\
Python313\site-packages\easyocr\easyocr.py", line 92, in __init__
    detector_path = self.getDetectorPath(detect_network)
  File "C:\Users\Dell\AppData\Local\Packages\PythonSoftwareFoundation.Python.3.13_qbz5n2kfra8p0\LocalCache\local-packages\
Python313\site-packages\easyocr\easyocr.py", line 253, in getDetectorPath
    download_and_unzip(self.detection_models[self.detect_network]['url'], 
self.detection_models[self.detect_network]['filename'], self.model_storage_directory, self.verbose)
    ~~~~~~~~~~~~~~~~~~^^^^^^^^^^^^^^^^^^^^^^^^^^^^^^^^^^^^^^^^^^^^^^^^^^^^^^^^^^^^^^^^^^^^^^^^^^^^^^^^^^^^^^^^^^^^^^^^^^^^
^^^^^^^^^^^^^^^^^^^^^^^^^^^^^^^^^^^^^^^^^^^^^^^^^^^
  File "C:\Users\Dell\AppData\Local\Packages\PythonSoftwareFoundation.Python.3.13_qbz5n2kfra8p0\LocalCache\local-packages\
Python313\site-packages\easyocr\utils.py", line 628, in download_and_unzip
    urlretrieve(url, zip_path, reporthook=reporthook)
    ~~~~~~~~~~~^^^^^^^^^^^^^^^^^^^^^^^^^^^^^^^^^^^^^^
  File "C:\Program 
Files\WindowsApps\PythonSoftwareFoundation.Python.3.13_3.13.2544.0_x64__qbz5n2kfra8p0\Lib\urllib\request.py", line 214, 
in urlretrieve
    with contextlib.closing(urlopen(url, data)) as fp:
                            ~~~~~~~^^^^^^^^^^^
  File "C:\Program 
Files\WindowsApps\PythonSoftwareFoundation.Python.3.13_3.13.2544.0_x64__qbz5n2kfra8p0\Lib\urllib\request.py", line 189, 
in urlopen
    return opener.open(url, data, timeout)
           ~~~~~~~~~~~^^^^^^^^^^^^^^^^^^^^
  File "C:\Program 
Files\WindowsApps\PythonSoftwareFoundation.Python.3.13_3.13.2544.0_x64__qbz5n2kfra8p0\Lib\urllib\request.py", line 489, 
in open
    response = self._open(req, data)
  File "C:\Program 
Files\WindowsApps\PythonSoftwareFoundation.Python.3.13_3.13.2544.0_x64__qbz5n2kfra8p0\Lib\urllib\request.py", line 506, 
in _open
    result = self._call_chain(self.handle_open, protocol, protocol +
                              '_open', req)

======================================================================
MEDICATION MANAGEMENT SYSTEM - OPERATIONAL TEST
======================================================================

[1/5] Testing Pattern Matcher...
  PASSED - Pattern matching working
    - Dosages: [{'value': '500', 'unit': 'mg', 'full_text': '500mg', 'position': 17}]
    - Frequency: Twice daily
    - Duration: for 7 days

[2/5] Testing Confidence Scoring...
  PASSED - Confidence scoring working
    - Overall Confidence: 92.20%
    - Requires Review: False

[3/5] Testing Data Processor...
  PASSED - Data processing working
    - Normalized Drug: Amoxicillin
    - Standardized Frequency: BID

[4/5] Testing Image Processor...
  PASSED - Image processor initialized
    - Target dimensions: 800x600

[5/5] Testing Main Application...

ERROR: <urlopen error [SSL: CERTIFICATE_VERIFY_FAILED] certificate verify failed: unable to get local issuer certificate (_ssl.c:1032)>
  File "C:\Program 
Files\WindowsApps\PythonSoftwareFoundation.Python.3.13_3.13.2544.0_x64__qbz5n2kfra8p0\Lib\urllib\request.py", line 466, 
in _call_chain
    result = func(*args)
  File "C:\Program 
Files\WindowsApps\PythonSoftwareFoundation.Python.3.13_3.13.2544.0_x64__qbz5n2kfra8p0\Lib\urllib\request.py", line 1367, 
in https_open
    return self.do_open(http.client.HTTPSConnection, req,
           ~~~~~~~~~~~~^^^^^^^^^^^^^^^^^^^^^^^^^^^^^^^^^^
                        context=self._context)
                        ^^^^^^^^^^^^^^^^^^^^^^
  File "C:\Program 
Files\WindowsApps\PythonSoftwareFoundation.Python.3.13_3.13.2544.0_x64__qbz5n2kfra8p0\Lib\urllib\request.py", line 1322, 
in do_open
    raise URLError(err)
urllib.error.URLError: <urlopen error [SSL: CERTIFICATE_VERIFY_FAILED] certificate verify failed: unable to get local 
issuer certificate (_ssl.c:1032)>
